[bouquetbar.com/index.html]
[backblue.gif]
[fade.gif]
[index.html]
[d10lpsik1i8c69.cloudfront.net/w.js]
[cdn.shopify.com/s/files/1/1504/0434/t/5/assets/favicon8f03.png]
[maxcdn.bootstrapcdn.com/font-awesome/4.6.0/css/font-awesome.min.css]
[cdn.shopify.com/s/files/1/1504/0434/t/5/assets/main.scss8f03.css]
[cdn.shopify.com/s/files/1/1504/0434/t/5/assets/slick8f03.css]
[cdn.shopify.com/s/files/1/1504/0434/t/5/assets/slick-theme8f03.css]
[cdn.shopify.com/s/files/1/1504/0434/t/5/assets/fathers-day-2018.scss8f03.css]
[conversionpirate.com/pirate-trust.js]
[cdn.shopify.com/s/javascripts/tricorder/trekkie.storefront.min97e4.js]
[cdn.shopify.com/s/assets/shop_events_listener-acf771159f9849ef6e5265782c99efe8b99406214c96a4373224ecafe285d7bb.js]
[cdn.shopify.com/s/assets/shopify_pay/storefront-8ddbd55cc19e1ebbff92d676e1481c8e6b42e0c2714d3fdf6b810b1f193347b899c2.js]
[cdn.shopify.com/s/assets/themes_support/ga_urchin_forms-99e991855b3d8ddc69e625c68ab0579dd9927b611c2ec4943d396c72e3af0849.js]
[cdn.shopify.com/s/files/1/1504/0434/files/Site-LOGO-NEw_220x7c16.jpg]
[cdn.shopify.com/s/assets/storefront/features-e87392afe29fe307282f4e6aad12cb4bcc2afefd6b7febf0b70edfd315f9684c.js]
[cdn.shopify.com/s/files/1/1504/0434/t/5/assets/free-shipping-icon-large8f03.png]
[bouquetbar.com/collections/mixology-bar.html]
[bouquetbar.com/collections/house-specials.html]
[bouquetbar.com/pages/boardroom.html]
[cdn.shopify.com/s/assets/storefront/express_buttons-0c1cfe6b3642c86bb980ad0b298dbf9f7c06a27102426a601fd5bda32a4c5cfd.js]
[bouquetbar.com/pages/about-us.html]
[bouquetbar.com/pages/faq.html]
[cdn.shopify.com/s/files/1/1504/0434/t/5/assets/home_slide_2_1920x9648f03.jpg]
[cdn.shopify.com/s/files/1/1504/0434/t/5/assets/home_slide_2_mobile_768x7688f03.jpg]
[bouquetbar.com/account/login.html]
[cdn.shopify.com/s/files/1/1504/0434/products/2170913-Bouquet-Bar-4037_600x73a1.jpg]
[bouquetbar.com/products/get-well.html]
[bouquetbar.com/products/mamma-bear.html]
[cdn.shopify.com/s/files/1/1504/0434/products/MY_GIRL_BOX_600x5e67.jpg]
[cdn.shopify.com/s/files/1/1504/0434/products/For-Her_600x103b.gif]
[bouquetbar.com/products/mothers-day.html]
[bouquetbar.com/products/you-are-amazing.html]
[cdn.shopify.com/s/files/1/1504/0434/products/2170913-Bouquet-Bar-4219_600x38b6.jpg]
[cdn.shopify.com/s/files/1/1504/0434/t/5/assets/logo-facebook8f03.jpg]
[cdn.shopify.com/s/files/1/1504/0434/t/5/assets/logo-google8f03.jpg]
[cdn.shopify.com/s/files/1/1504/0434/t/5/assets/logo-neiman-marcus8f03.jpg]
[cdn.shopify.com/s/files/1/1504/0434/t/5/assets/logo-oracle8f03.jpg]
[cdn.shopify.com/s/files/1/1504/0434/t/5/assets/logo-four-seasons8f03.jpg]
[cdn.shopify.com/s/files/1/1504/0434/t/5/assets/Rolls-Royce8f03.jpg]
[cdn.shopify.com/s/files/1/1504/0434/t/5/assets/google-review-ameen8f03.gif]
[cdn.shopify.com/s/files/1/1504/0434/t/5/assets/google-review-araceli8f03.gif]
[cdn.shopify.com/s/files/1/1504/0434/t/5/assets/google-review-helen8f03.gif]
[cdn.shopify.com/s/files/1/1504/0434/t/5/assets/google-review-karen8f03.gif]
[cdnjs.cloudflare.com/ajax/libs/jquery/3.1.1/jquery.min.js]
[cdn.shopify.com/s/files/1/1504/0434/t/5/assets/Freshness-1008f03.png]
[cdn.rawgit.com/stevenmonson/googleReviews/6e8f0d79/google-places.js]
[cdn.shopify.com/s/files/1/1504/0434/t/5/assets/boardroom-hero-6668f03.jpg]
[cdn.shopify.com/s/files/1/1504/0434/t/5/assets/Shark_Tank_Logo28f03.png]
[bouquetbar.com/pages/contact.html]
[cdn.shopify.com/s/files/1/1504/0434/t/5/assets/featured-logo-people-magazine8f03.png]
[cdn.shopify.com/s/files/1/1504/0434/t/5/assets/featured-logo-good-day8f03.png]
[cdn.shopify.com/s/files/1/1504/0434/t/5/assets/featured-logo-KTLA58f03.png]
[cdn.shopify.com/s/files/1/1504/0434/t/5/assets/featured-logo-uproxx8f03.jpg]
[cdn.shopify.com/s/files/1/1504/0434/t/5/assets/featured-fox58f03.jpg]
[cdn.shopify.com/s/files/1/1504/0434/t/5/assets/featured-the-huffington-post8f03.png]
[cdn.shopify.com/s/files/1/1504/0434/t/5/assets/star8f03.png]
[cdn.shopify.com/s/files/1/1504/0434/t/5/assets/Town-and-Country8f03.png]
[cdn.shopify.com/s/files/1/1504/0434/t/5/assets/OK-Magazine8f03.png]
[cdn.shopify.com/s/files/1/1504/0434/t/5/assets/featured-logo-coast8f03.png]
[cdn.shopify.com/s/files/1/1504/0434/files/ftr-logo_440x_440x_f1acb880-1db7-4ecc-9bb4-3e096ddacdac_220x3570.png]
[bouquetbar.com/collections/birthday-gift-boxes.html]
[bouquetbar.com/collections/thank-you-gift-boxes.html]
[bouquetbar.com/collections/get-well-gift-boxes.html]
[bouquetbar.com/collections/anniversary-gift-boxes.html]
[bouquetbar.com/collections/sympathy-gift-boxes.html]
[bouquetbar.com/collections/congratulations-gift-boxes.html]
[bouquetbar.com/collections/seasonal-holiday-gift-boxes]
[bouquetbar.com/pages/terms.html]
[bouquetbar.com/pages/privacy.html]
[bouquetbar.com/pages/newsletter-signup.html]
[cdn.ywxi.net/js/1.js]
[cdn.shopify.com/s/files/1/1504/0434/t/5/assets/theme8f03.js]
[bat.bing.com/bat.js]
[cdn.shopify.com/s/files/1/1504/0434/t/5/assets/vendor8f03.js]
[ajax.googleapis.com/ajax/libs/jquery/1.7.2/jquery.min.js]
[bouquetbar.com/cart.html]
[s3.amazonaws.com/shopify-apps/recurring-invoices/js/common.js]
[bouquetbar.com/index.html]
[www.googletagmanager.com/gtm5445.html]
[maxcdn.bootstrapcdn.com/font-awesome/4.6.0/css/font-awesome.min.css]
[cdn.shopify.com/s/files/1/1504/0434/t/5/assets/preloader560e.gif]
[cdn.shopify.com/s/files/1/1504/0434/t/5/assets/main.scss8f03.css]
[cdn.shopify.com/s/files/1/1504/0434/t/5/assets/slick8f03.css]
[cdn.shopify.com/s/files/1/1504/0434/t/5/assets/ajax-loader.gif]
[cdn.shopify.com/s/files/1/1504/0434/t/5/assets/fonts/slick.eot]
[cdn.shopify.com/s/files/1/1504/0434/t/5/assets/fonts/slickd41d.eot]
[cdn.shopify.com/s/files/1/1504/0434/t/5/assets/fonts/slick.woff]
[cdn.shopify.com/s/files/1/1504/0434/t/5/assets/fonts/slick.ttf]
[cdn.shopify.com/s/files/1/1504/0434/t/5/assets/fonts/slick.svg]
[cdn.shopify.com/s/files/1/1504/0434/t/5/assets/slick-theme8f03.css]
[cdn.shopify.com/s/files/1/1504/0434/t/5/assets/fathers-day-2018.scss8f03.css]
[cdn.shopify.com/s/files/1/1504/0434/t/5/assets/main8f03.js]
[sdk.beeketing.com/js/beeketing.js]
[bouquetbar.com/collections/mixology-bar.atom]
[cdn.shopify.com/s/files/1/1504/0434/products/2170913-Bouquet-Bar-4013_largec340.jpg]
[bouquetbar.com/collections/mixology-bar.oembed]
[cdn.shopify.com/s/files/1/1504/0434/products/2170913-Bouquet-Bar-4050_largec340.jpg]
[cdn.shopify.com/s/files/1/1504/0434/products/2170913-Bouquet-Bar-4062_largeed82.jpg]
[cdn.shopify.com/s/files/1/1504/0434/products/bouquetbar-the_cocktail-gift_box_2_largeed82.jpg]
[cdn.shopify.com/s/files/1/1504/0434/products/2170913-Bouquet-Bar-4127_large6e55.jpg]
[cdn.shopify.com/s/files/1/1504/0434/products/bouquetbar-the_martini-gift_box_2_large6e55.jpg]
[cdn.shopify.com/s/files/1/1504/0434/products/bouquetbar-the_champagne-gift_box_largec503.jpg]
[cdn.shopify.com/s/files/1/1504/0434/products/bouquetbar-the_champagne-gift_box_2_largec503.jpg]
[cdn.shopify.com/s/files/1/1504/0434/products/Cookie_Dough_large66dd.jpg]
[cdn.shopify.com/s/files/1/1504/0434/products/Cookie_Dough_grande66dd.jpg]
[cdn.shopify.com/s/files/1/1504/0434/products/bouquetbar-milk_chocolate_dipped_gummy_bears-gift_box_largef74b.jpg]
[cdn.shopify.com/s/files/1/1504/0434/products/bouquetbar-milk_chocolate_dipped_gummy_bears-gift_box_grandef74b.jpg]
[cdn.shopify.com/s/files/1/1504/0434/products/Sour_Gummy_Hearts_large1d2e.jpg]
[cdn.shopify.com/s/files/1/1504/0434/products/Sour_Gummy_Hearts_grande1d2e.jpg]
[cdn.shopify.com/s/files/1/1504/0434/products/Watermelon_Rings_large6265.jpg]
[cdn.shopify.com/s/files/1/1504/0434/products/Watermelon_Rings_grande6265.jpg]
[cdn.shopify.com/s/files/1/1504/0434/products/Choclate_Raisin_large01a2.jpg]
[cdn.shopify.com/s/files/1/1504/0434/products/Choclate_Raisin_grande01a2.jpg]
[cdn.shopify.com/s/files/1/1504/0434/products/Peach-Ringsweb_large3ae2.jpg]
[cdn.shopify.com/s/files/1/1504/0434/products/Peach-Ringsweb_grande3ae2.jpg]
[cdn.shopify.com/s/files/1/1504/0434/products/Orange-Gummy-Bears_large709d.jpg]
[cdn.shopify.com/s/files/1/1504/0434/products/Orange-Gummy-Bears_grande709d.jpg]
[cdn.shopify.com/s/files/1/1504/0434/products/bouquetbar-supreme_roasted__salted_almonds-gift_box_largeba7d.jpg]
[cdn.shopify.com/s/files/1/1504/0434/products/bouquetbar-supreme_roasted__salted_almonds-gift_box_grandeba7d.jpg]
[cdn.shopify.com/s/files/1/1504/0434/products/BB-2-Product_014_R2_largeda91.jpg]
[cdn.shopify.com/s/files/1/1504/0434/products/BB-2-Product_014_R2_grandeda91.jpg]
[cdn.shopify.com/s/files/1/1504/0434/products/bouquetbar-honey_pearls-gift_box_largeecaa.jpg]
[cdn.shopify.com/s/files/1/1504/0434/products/bouquetbar-honey_pearls-gift_box_grandeecaa.jpg]
[cdn.shopify.com/s/files/1/1504/0434/products/2170913-Bouquet-Bar-4101_large398e.jpg]
[cdn.shopify.com/s/files/1/1504/0434/products/2170913-Bouquet-Bar-4101_grande398e.jpg]
[cdn.shopify.com/s/files/1/1504/0434/products/bouquetbar-red_spray_roses-flowers_large6115.jpg]
[cdn.shopify.com/s/files/1/1504/0434/products/bouquetbar-red_spray_roses-flowers_grande6115.jpg]
[cdn.shopify.com/s/files/1/1504/0434/products/bouquet_bar-orange_spray_roses-flowers_large0ed3.jpg]
[cdn.shopify.com/s/files/1/1504/0434/products/bouquet_bar-orange_spray_roses-flowers_grande0ed3.jpg]
[cdn.shopify.com/s/files/1/1504/0434/products/2170913-Bouquet-Bar-4104_large7dc2.jpg]
[cdn.shopify.com/s/files/1/1504/0434/products/2170913-Bouquet-Bar-4104_grande7dc2.jpg]
[cdn.shopify.com/s/files/1/1504/0434/products/White_Orchid_large2b71.jpg]
[cdn.shopify.com/s/files/1/1504/0434/products/White_Orchid_grande2b71.jpg]
[cdn.shopify.com/s/files/1/1504/0434/products/BB-2-Product_042_R2_large4b42.jpg]
[cdn.shopify.com/s/files/1/1504/0434/products/BB-2-Product_042_R2_grande4b42.jpg]
[cdn.shopify.com/s/files/1/1504/0434/products/BB-2-Product_038_R2_largebebd.jpg]
[cdn.shopify.com/s/files/1/1504/0434/products/BB-2-Product_038_R2_grandebebd.jpg]
[cdn.shopify.com/s/files/1/1504/0434/products/Succulent_Best_Seller_large59db.jpg]
[cdn.shopify.com/s/files/1/1504/0434/products/Succulent_Best_Seller_grande59db.jpg]
[cdn.shopify.com/s/files/1/1504/0434/products/Krave_Sweet_Chipotle_large7faf.jpg]
[cdn.shopify.com/s/files/1/1504/0434/products/Krave_Sweet_Chipotle_grande7faf.jpg]
[cdn.shopify.com/s/files/1/1504/0434/products/bouquet_bar-queen_bath_bomb-gift_box_large3e04.jpg]
[cdn.shopify.com/s/files/1/1504/0434/products/bouquet_bar-queen_bath_bomb-gift_box_grande3e04.jpg]
[cdn.shopify.com/s/files/1/1504/0434/products/Princess-Bath-Bomb--1000x1000_large7284.jpg]
[cdn.shopify.com/s/files/1/1504/0434/products/Princess-Bath-Bomb--1000x1000_grande7284.jpg]
[cdn.shopify.com/s/files/1/1504/0434/products/bouquetbar-mint_cookie_malted_milk_balls-gift_box_large68c3.jpg]
[cdn.shopify.com/s/files/1/1504/0434/products/bouquetbar-mint_cookie_malted_milk_balls-gift_box_grande68c3.jpg]
[cdn.shopify.com/s/files/1/1504/0434/products/Siren_Cookiedough_largee1f4.jpg]
[cdn.shopify.com/s/files/1/1504/0434/products/Siren_Cookiedough_grandee1f4.jpg]
[cdn.shopify.com/s/files/1/1504/0434/products/Very_Berry_Mix_large92c8.jpg]
[cdn.shopify.com/s/files/1/1504/0434/products/Very_Berry_Mix_grande92c8.jpg]
[cdn.shopify.com/s/files/1/1504/0434/products/bouquetbar-lavender_dark_chocolate_drops-gift_box_large38c2.jpg]
[cdn.shopify.com/s/files/1/1504/0434/products/bouquetbar-lavender_dark_chocolate_drops-gift_box_grande38c2.jpg]
[cdn.shopify.com/s/files/1/1504/0434/products/Coffee_Scrub_large0af4.jpg]
[cdn.shopify.com/s/files/1/1504/0434/products/Coffee_Scrub_grande0af4.jpg]
[cdn.shopify.com/s/files/1/1504/0434/products/bouquetbar-premium_salted_cashews-gift_box_large052a.jpg]
[cdn.shopify.com/s/files/1/1504/0434/products/bouquetbar-premium_salted_cashews-gift_box_grande052a.jpg]
[cdn.shopify.com/s/files/1/1504/0434/products/Dark-Choc-Caramels-Balls_large0777.jpg]
[cdn.shopify.com/s/files/1/1504/0434/products/Dark-Choc-Caramels-Balls_grande0777.jpg]
[cdn.shopify.com/s/files/1/1504/0434/products/Lotion-1000x1000_large6cb5.jpg]
[cdn.shopify.com/s/files/1/1504/0434/products/Lotion-1000x1000_grande6cb5.jpg]
[cdn.shopify.com/s/files/1/1504/0434/products/Facial-Scrub--1000x1000_large2fb1.jpg]
[cdn.shopify.com/s/files/1/1504/0434/products/Facial-Scrub--1000x1000_grande2fb1.jpg]
[cdn.shopify.com/s/files/1/1504/0434/products/Shaving-Cream--1000x1000_large23ba.jpg]
[cdn.shopify.com/s/files/1/1504/0434/products/Shaving-Cream--1000x1000_grande23ba.jpg]
[cdn.shopify.com/s/files/1/1504/0434/products/bouquetbar-citrus_blossom_candle-gift_box_largedde3.jpg]
[cdn.shopify.com/s/files/1/1504/0434/products/bouquetbar-citrus_blossom_candle-gift_box_grandedde3.jpg]
[cdn.shopify.com/s/files/1/1504/0434/products/bouquetbar-lavender_fields_candle-gift_box_large6e48.jpg]
[cdn.shopify.com/s/files/1/1504/0434/products/bouquetbar-lavender_fields_candle-gift_box_grande6e48.jpg]
[cdn.shopify.com/s/files/1/1504/0434/products/bouquetbar-chocolate_truffles-gift_box_large9f77.jpg]
[cdn.shopify.com/s/files/1/1504/0434/products/bouquetbar-chocolate_truffles-gift_box_grande9f77.jpg]
[cdn.shopify.com/s/files/1/1504/0434/products/Tea_largece62.jpg]
[cdn.shopify.com/s/files/1/1504/0434/products/Tea_grandece62.jpg]
[cdn.shopify.com/s/files/1/1504/0434/products/Starbucks-Cofee_largea712.jpg]
[cdn.shopify.com/s/files/1/1504/0434/products/Starbucks-Cofee_grandea712.jpg]
[cdn.shopify.com/s/files/1/1504/0434/products/LandLord_Crew_largeed4f.jpg]
[cdn.shopify.com/s/files/1/1504/0434/products/LandLord_Crew_grandeed4f.jpg]
[cdn.shopify.com/s/files/1/1504/0434/products/BaeCation_Crew_large3b38.jpg]
[cdn.shopify.com/s/files/1/1504/0434/products/BaeCation_Crew_grande3b38.jpg]
[cdn.shopify.com/s/files/1/1504/0434/products/2170913-Bouquet-Bar-4268_largefed9.jpg]
[cdn.shopify.com/s/files/1/1504/0434/products/2170913-Bouquet-Bar-4268_grandefed9.jpg]
[cdn.shopify.com/s/files/1/1504/0434/products/2170913-Bouquet-Bar-4257_large6d0e.jpg]
[cdn.shopify.com/s/files/1/1504/0434/products/2170913-Bouquet-Bar-4257_grande6d0e.jpg]
[cdn.shopify.com/s/files/1/1504/0434/products/2170913-Bouquet-Bar-4262_larged191.jpg]
[cdn.shopify.com/s/files/1/1504/0434/products/2170913-Bouquet-Bar-4262_granded191.jpg]
[cdn.shopify.com/s/files/1/1504/0434/products/2170913-Bouquet-Bar-4270_largeb939.jpg]
[cdn.shopify.com/s/files/1/1504/0434/products/2170913-Bouquet-Bar-4270_grandeb939.jpg]
[bouquetbar.com/cart.js]
[bouquetbar.com/collections/mixology-bar.html]
[cdnjs.cloudflare.com/ajax/libs/packery/1.4.3/packery.pkgd.min.js]
[bouquetbar.com/collections/house-specials.atom]
[bouquetbar.com/collections/house-specials.oembed]
[cdn.shopify.com/s/files/1/1504/0434/products/2170913-Bouquet-Bar-4013_8e26a6f7-0c88-4b29-b289-2ef5bea940ae_large7576.jpg]
[bouquetbar.com/collections/house-specials/products/youre-swell.html]
[cdn.shopify.com/s/files/1/1504/0434/products/2170913-Bouquet-Bar-4037_large73a1.jpg]
[bouquetbar.com/collections/house-specials/products/get-well.html]
[cdn.shopify.com/s/files/1/1504/0434/products/2170913-Bouquet-Bar-4036_largef009.jpg]
[bouquetbar.com/collections/house-specials/products/love.html]
[cdn.shopify.com/s/files/1/1504/0434/products/2170913-Bouquet-Bar-4016_large350f.jpg]
[bouquetbar.com/collections/house-specials/products/eternity.html]
[cdn.shopify.com/s/files/1/1504/0434/products/2170913-Bouquet-Bar-4034_large7dfe.jpg]
[bouquetbar.com/collections/house-specials/products/mi-amore.html]
[cdn.shopify.com/s/files/1/1504/0434/products/MY_GIRL_BOX_large5e67.jpg]
[bouquetbar.com/collections/house-specials/products/mamma-bear.html]
[cdn.shopify.com/s/files/1/1504/0434/products/Cocktail-New-1_large7c8b.gif]
[bouquetbar.com/collections/house-specials/products/mommy-dearest-1.html]
[cdn.shopify.com/s/files/1/1504/0434/products/bouquetbar-legends_bar-gift_box_large40f4.jpg]
[bouquetbar.com/collections/house-specials/products/hes-a-legend.html]
[cdn.shopify.com/s/files/1/1504/0434/products/bouquet_bar-fit_bar-gift_box_largec9b7.jpg]
[bouquetbar.com/collections/house-specials/products/hope.html]
[cdn.shopify.com/s/files/1/1504/0434/products/2170913-Bouquet-Bar-4088_large6b0b.jpg]
[bouquetbar.com/collections/house-specials/products/celebrations.html]
[cdn.shopify.com/s/files/1/1504/0434/products/2170913-Bouquet-Bar-4069_large8fbe.jpg]
[bouquetbar.com/collections/house-specials/products/sympathy.html]
[cdn.shopify.com/s/files/1/1504/0434/products/2170913-Bouquet-Bar-4073_large3bc1.jpg]
[bouquetbar.com/collections/house-specials/products/romance.html]
[cdn.shopify.com/s/files/1/1504/0434/products/2170913-Bouquet-Bar-4062_47c416bf-da54-4c4c-9559-ba85ab8bbf41_large38a8.jpg]
[bouquetbar.com/collections/house-specials/products/thank-you.html]
[cdn.shopify.com/s/files/1/1504/0434/products/2170913-Bouquet-Bar-4078_large8a80.jpg]
[bouquetbar.com/collections/house-specials/products/timeless-elegance.html]
[cdn.shopify.com/s/files/1/1504/0434/products/bouquetbar-cuddle_bar-gift_box_large1d5d.jpg]
[bouquetbar.com/collections/house-specials/products/love-affair-box.html]
[cdn.shopify.com/s/files/1/1504/0434/products/For-Her_large103b.gif]
[bouquetbar.com/collections/house-specials/products/mothers-day.html]
[cdn.shopify.com/s/files/1/1504/0434/products/2170913-Bouquet-Bar-4135_largebc2c.jpg]
[bouquetbar.com/collections/house-specials/products/for-him.html]
[cdn.shopify.com/s/files/1/1504/0434/products/bouquet_bar-spa_bar-gift_box_large2f7e.jpg]
[bouquetbar.com/collections/house-specials/products/feel-better-soon.html]
[cdn.shopify.com/s/files/1/1504/0434/products/2170913-Bouquet-Bar-4127_a7e9bf3a-3600-442b-93a2-342e232d9725_large97b5.jpg]
[bouquetbar.com/collections/house-specials/products/my-girl.html]
[cdn.shopify.com/s/files/1/1504/0434/products/2170913-Bouquet-Bar-4148_largec0f8.jpg]
[bouquetbar.com/collections/house-specials/products/sweet-serenity.html]
[cdn.shopify.com/s/files/1/1504/0434/products/2170913-Bouquet-Bar-4155_large7585.jpg]
[bouquetbar.com/collections/house-specials/products/thinking-of-you.html]
[cdn.shopify.com/s/files/1/1504/0434/products/VDAY_BOX_2019_large9f5d.jpg]
[bouquetbar.com/collections/house-specials/products/keepcalmitsyourbday.html]
[cdn.shopify.com/s/files/1/1504/0434/products/2170913-Bouquet-Bar-4219_large38b6.jpg]
[bouquetbar.com/collections/house-specials/products/you-are-amazing.html]
[cdn.shopify.com/s/files/1/1504/0434/products/2170913-Bouquet-Bar-4212_large5f1c.jpg]
[bouquetbar.com/collections/house-specials/products/be-mine.html]
[cdn.shopify.com/s/files/1/1504/0434/products/bouquetbar-love_bar-gift_box_largefcfa.jpg]
[bouquetbar.com/collections/house-specials/products/my-dream.html]
[bouquetbar.com/collections/house-specials.html]
[bouquetbar.com/pages/boardroom.html]
[bouquetbar.com/pages/about-us.html]
[cdn.shopify.com/s/files/1/1504/0434/products/2170913-Bouquet-Bar-4216_large2ff2.jpg]
[bouquetbar.com/collections/house-specials/products/forever-in-our-hearts.html]
[bouquetbar.com/account/register.html]
[bouquetbar.com/pages/faq.html]
[cdn.shopify.com/s/assets/themes_support/shopify_common-8ea6ac3faf357236a97f5de749df4da6e8436ca107bc3a4ee805cbf08bc47392.js]
[bouquetbar.com/account/login.html]
[cdn.shopify.com/s/files/1/1504/0434/products/2170913-Bouquet-Bar-4037_grande73a1.jpg]
[bouquetbar.com/products/get-well.oembed]
[cdn.shopify.com/s/files/1/1504/0434/products/2170913-Bouquet-Bar-4037_1024x102473a1.jpg]
[cdn.shopify.com/s/files/1/1504/0434/products/2170228-BOUQUET-BAR-2689-Dark-Choc-Caramels-Balls_1024x102473a1.jpg]
[cdn.shopify.com/s/files/1/1504/0434/products/2170228-BOUQUET-BAR-3122_1024x102473a1.jpg]
[cdn.shopify.com/s/files/1/1504/0434/products/2170913-Bouquet-Bar-4050_1c549d93-37df-412b-bdc9-7ca29ac3ec71_1024x102473a1.jpg]
[bouquetbar.com/collections/get-well-gift-boxes/products/feel-better-soon.html]
[bouquetbar.com/collections/get-well-gift-boxes/products/hope.html]
[bouquetbar.com/collections/get-well-gift-boxes/products/thinking-of-you.html]
[bouquetbar.com/products/get-well.html]
[cdn.shopify.com/s/assets/themes_support/option_selection-fe6b72c2bbdd3369ac0bfefe8648e3c889efca213baefd4cfb0dd9363563831f.js]
[bouquetbar.com/collections/get-well-gift-boxes/products/you-are-amazing.html]
[cdn.shopify.com/s/files/1/1504/0434/products/MY_GIRL_BOX_grande5e67.jpg]
[bouquetbar.com/products/mamma-bear.oembed]
[cdn.shopify.com/s/files/1/1504/0434/products/MY_GIRL_BOX_1024x10245e67.jpg]
[cdn.shopify.com/s/files/1/1504/0434/products/bouquet_bar-birthday_bar-gift_box_1024x10245e67.jpg]
[cdn.shopify.com/s/files/1/1504/0434/products/bouquet_bar-birthday_bar-gift_box_2_1024x10245e67.jpg]
[cdn.shopify.com/s/files/1/1504/0434/products/bouquet_bar-birthday_bar-gift_box_3_1024x10245e67.jpg]
[cdn.shopify.com/s/files/1/1504/0434/products/bouquet_bar-birthday_bar-gift_box_4_1024x10245e67.jpg]
[cdn.shopify.com/s/files/1/1504/0434/products/bouquet_bar-birthday_bar-gift_box_5_1024x10245e67.jpg]
[cdn.shopify.com/s/files/1/1504/0434/products/2170228-BOUQUET-BAR-2952_1024x10245e67.jpg]
[cdn.shopify.com/s/files/1/1504/0434/products/2170913-Bouquet-Bar-4085_large4c76.jpg]
[bouquetbar.com/collections/birthday-gift-boxes/products/birthday-for-him.html]
[bouquetbar.com/collections/birthday-gift-boxes/products/mommy-dearest-1.html]
[bouquetbar.com/collections/birthday-gift-boxes/products/celebrations.html]
[bouquetbar.com/collections/birthday-gift-boxes/products/hes-a-legend.html]
[bouquetbar.com/products/mamma-bear.html]
[bouquetbar.com/collections/birthday-gift-boxes/products/keepcalmitsyourbday.html]
[bouquetbar.com/collections/birthday-gift-boxes/products/my-girl.html]
[cdn.shopify.com/s/files/1/1504/0434/products/For-Her_grande103b.gif]
[bouquetbar.com/products/mothers-day.oembed]
[cdn.shopify.com/s/files/1/1504/0434/products/For-Her_1024x1024103b.gif]
[cdn.shopify.com/s/files/1/1504/0434/products/Lotion-1000x1000_aa851d35-29df-488a-a125-ea8169507a1b_1024x1024103b.jpg]
[cdn.shopify.com/s/files/1/1504/0434/products/2170228-BOUQUET-BAR-2689-Dark-Choc-Caramels-Balls_87ed7efe-d6de-4995-a23d-7fbd482bfc0b_1024x1024103b.jpg]
[cdn.shopify.com/s/files/1/1504/0434/products/Succulent-Plant_dc1fbc83-2b1c-4fa2-98c4-80d148a54f20_1024x1024103b.gif]
[cdn.shopify.com/s/files/1/1504/0434/products/Princess-Bath-Bomb--1000x1000_b3a25ad6-d382-400e-bdbc-c152061eea22_1024x1024103b.jpg]
[cdn.shopify.com/s/files/1/1504/0434/products/Orange_Burst_Gummy_Bears_1024x1024103b.jpg]
[cdn.shopify.com/s/files/1/1504/0434/products/Supreme_Roasted_Salted_Almonds_1024x1024103b.jpg]
[bouquetbar.com/collections/mothers-day/products/mommy-dearest-1.html]
[bouquetbar.com/collections/mothers-day/products/mamma-bear.html]
[cdn.shopify.com/s/files/1/1504/0434/products/Forever_large5543.gif]
[bouquetbar.com/collections/mothers-day/products/you-are-amazing.html]
[bouquetbar.com/products/mothers-day.html]
[bouquetbar.com/collections/mothers-day/products/best-mom-ever.html]
[cdn.shopify.com/s/files/1/1504/0434/products/2170913-Bouquet-Bar-4219_grande38b6.jpg]
[bouquetbar.com/products/you-are-amazing.oembed]
[cdn.shopify.com/s/files/1/1504/0434/products/2170913-Bouquet-Bar-4219_1024x102438b6.jpg]
[cdn.shopify.com/s/files/1/1504/0434/products/2170913-Bouquet-Bar-4257_77048150-498f-4672-bc25-d04e29a56c71_1024x102438b6.jpg]
[cdn.shopify.com/s/files/1/1504/0434/products/2170228-BOUQUET-BAR-2600-Citrus-Blossom-Candle_1d94babd-e1f5-4ffb-af8d-e05227f056fe_1024x102438b6.jpg]
[cdn.shopify.com/s/files/1/1504/0434/products/2170228-BOUQUET-BAR-2768-Choc-Gummy-Bears_7586c01a-2a4b-4df6-a747-90d47b45a268_1024x102438b6.jpg]
[cdn.shopify.com/s/files/1/1504/0434/products/2170228-BOUQUET-BAR-3061-Large-Box-Closed_6b2f5076-2095-47a6-8cf5-3991f583c6b0_1024x102438b6.jpg]
[bouquetbar.com/collections/anniversary-gift-boxes/products/mi-amore.html]
[bouquetbar.com/collections/anniversary-gift-boxes/products/love.html]
[bouquetbar.com/products/you-are-amazing.html]
[bouquetbar.com/pages/contact.html]
[bouquetbar.com/collections/anniversary-gift-boxes/products/be-mine.html]
[bouquetbar.com/collections/anniversary-gift-boxes/products/for-him.html]
[bouquetbar.com/collections/birthday-gift-boxes.atom]
[bouquetbar.com/collections/birthday-gift-boxes.oembed]
[bouquetbar.com/collections/birthday-gift-boxes.html]
[bouquetbar.com/collections/birthday-gift-boxes/products/mamma-bear.html]
[bouquetbar.com/collections/thank-you-gift-boxes.atom]
[bouquetbar.com/collections/thank-you-gift-boxes.oembed]
[bouquetbar.com/collections/thank-you-gift-boxes/products/thank-you.html]
[bouquetbar.com/collections/thank-you-gift-boxes/products/youre-swell.html]
[bouquetbar.com/collections/thank-you-gift-boxes/products/you-are-amazing.html]
[bouquetbar.com/collections/thank-you-gift-boxes.html]
[bouquetbar.com/collections/thank-you-gift-boxes/products/celebrations.html]
[bouquetbar.com/collections/get-well-gift-boxes.atom]
[bouquetbar.com/collections/get-well-gift-boxes.oembed]
[bouquetbar.com/collections/get-well-gift-boxes.html]
[bouquetbar.com/collections/anniversary-gift-boxes.html]
[bouquetbar.com/collections/sympathy-gift-boxes.atom]
[cdn.shopify.com/s/files/1/1504/0434/products/BouquetBar_1015_27__R-2_copy_largec163.jpg]
[bouquetbar.com/collections/sympathy-gift-boxes.html]
[bouquetbar.com/collections/congratulations-gift-boxes.html]
[bouquetbar.com/collections/seasonal-holiday-gift-boxes.html]
[bouquetbar.com/pages/terms.html]
[bouquetbar.com/pages/privacy.html]
[www.klaviyo.com/media/js/public/klaviyo_subscribe.js]
[bouquetbar.com/pages/newsletter-signup.html]
[bouquetbar.com/pages/shark-tank.html]
[bouquetbar.com/cart.html]
[cdn.shopify.com/s/files/1/1504/0434/t/5/assets/ajax-loader.html]
[cdn.shopify.com/s/files/1/1504/0434/t/5/assets/fonts/slick.html]
[cdn.shopify.com/s/files/1/1504/0434/t/5/assets/fonts/slickd41d.html]
[cdn.shopify.com/s/files/1/1504/0434/t/5/assets/fonts/slick-2.html]
[cdn.shopify.com/s/files/1/1504/0434/t/5/assets/fonts/slick-3.html]
[cdn.shopify.com/s/files/1/1504/0434/t/5/assets/fonts/slick-4.html]
[bouquetbar.com/cart/add.js]
[bouquetbar.com/cart/change.js]
[bouquetbar.com/products/youre-swell.html]
[cdn.shopify.com/s/files/1/1504/0434/products/2170913-Bouquet-Bar-4013_8e26a6f7-0c88-4b29-b289-2ef5bea940ae_grande7576.jpg]
[bouquetbar.com/products/youre-swell.oembed]
[cdn.shopify.com/s/files/1/1504/0434/products/2170913-Bouquet-Bar-4013_8e26a6f7-0c88-4b29-b289-2ef5bea940ae_1024x10247576.jpg]
[cdn.shopify.com/s/files/1/1504/0434/products/2170913-Bouquet-Bar-4050_8bcce726-5380-4cc2-bca1-fa92940663ba_1024x10247576.jpg]
[cdn.shopify.com/s/files/1/1504/0434/products/2170228-BOUQUET-BAR-2768-Choc-Gummy-Bears_1024x10247576.jpg]
[cdn.shopify.com/s/files/1/1504/0434/products/2170228-BOUQUET-BAR-3129-Orange-Rose_1024x10247576.jpg]
[bouquetbar.com/collections/house-specials/products/youre-swell.html]
[bouquetbar.com/collections/house-specials/products/get-well.html]
[bouquetbar.com/products/love.html]
[cdn.shopify.com/s/files/1/1504/0434/products/2170913-Bouquet-Bar-4036_grandef009.jpg]
[bouquetbar.com/products/love.oembed]
[cdn.shopify.com/s/files/1/1504/0434/products/2170913-Bouquet-Bar-4036_1024x1024f009.jpg]
[cdn.shopify.com/s/files/1/1504/0434/products/2170228-BOUQUET-BAR-3139-RedRose_7983c676-01d3-40f4-be71-00672f0b9735_1024x1024f009.jpg]
[cdn.shopify.com/s/files/1/1504/0434/products/2170228-BOUQUET-BAR-2689-Dark-Choc-Caramels-Balls_103b290e-113d-4d3e-b936-ea8e5d879606_1024x1024f009.jpg]
[cdn.shopify.com/s/files/1/1504/0434/products/2170913-Bouquet-Bar-4050_846093cb-53bb-4182-a594-7dcfdf8bcd23_1024x1024f009.jpg]
[bouquetbar.com/collections/house-specials/products/love.html]
[bouquetbar.com/products/eternity.html]
[cdn.shopify.com/s/files/1/1504/0434/products/2170913-Bouquet-Bar-4016_grande350f.jpg]
[bouquetbar.com/products/eternity.oembed]
[cdn.shopify.com/s/files/1/1504/0434/products/2170913-Bouquet-Bar-4016_1024x1024350f.jpg]
[cdn.shopify.com/s/files/1/1504/0434/products/2170913-Bouquet-Bar-4104_2f5baf5d-e75a-489e-b6a4-239578d54d74_1024x1024350f.jpg]
[cdn.shopify.com/s/files/1/1504/0434/products/2170228-BOUQUET-BAR-2748-Tea-Bags_1024x1024350f.jpg]
[cdn.shopify.com/s/files/1/1504/0434/products/2170913-Bouquet-Bar-4050_f8252762-f070-4466-a152-43e84d1ed9a9_1024x1024350f.jpg]
[bouquetbar.com/collections/house-specials/products/eternity.html]
[bouquetbar.com/products/mi-amore.html]
[cdn.shopify.com/s/files/1/1504/0434/products/2170913-Bouquet-Bar-4034_grande7dfe.jpg]
[bouquetbar.com/products/mi-amore.oembed]
[cdn.shopify.com/s/files/1/1504/0434/products/2170913-Bouquet-Bar-4034_1024x10247dfe.jpg]
[cdn.shopify.com/s/files/1/1504/0434/products/2170228-BOUQUET-BAR-2623-Choc-Truffles_9cadf862-7f39-4c58-92de-57ae10cfad9b_1024x10247dfe.jpg]
[cdn.shopify.com/s/files/1/1504/0434/products/2170228-BOUQUET-BAR-3139-RedRose_1024x10247dfe.jpg]
[cdn.shopify.com/s/files/1/1504/0434/products/2170913-Bouquet-Bar-4050_b6454833-77b4-4f8f-9f1e-f8c917e82cdf_1024x10247dfe.jpg]
[bouquetbar.com/collections/house-specials/products/mi-amore.html]
[bouquetbar.com/collections/house-specials/products/mamma-bear.html]
[bouquetbar.com/products/mommy-dearest-1.html]
[bouquetbar.com/products/mommy-dearest-1.oembed]
[cdn.shopify.com/s/files/1/1504/0434/products/Cocktail-New-1_grande7c8b.gif]
[cdn.shopify.com/s/files/1/1504/0434/products/Cocktail-New-1_1024x10247c8b.gif]
[cdn.shopify.com/s/files/1/1504/0434/products/2170228-BOUQUET-BAR-2784-Bath-Salt-Ball_52424b6c-769b-4b29-a35f-932f61db7c16_1024x10247c8b.jpg]
[cdn.shopify.com/s/files/1/1504/0434/products/2170228-BOUQUET-BAR-2773-Orange-Gummy-Bears_fc7df034-b16f-4aae-8097-b2827569b32e_1024x10247c8b.jpg]
[cdn.shopify.com/s/files/1/1504/0434/products/Succulent-Plant_35f7b31f-97bd-4ed9-a732-da08beba8576_1024x10247c8b.gif]
[bouquetbar.com/collections/house-specials/products/mommy-dearest-1.html]
[bouquetbar.com/products/hes-a-legend.html]
[cdn.shopify.com/s/files/1/1504/0434/products/bouquetbar-legends_bar-gift_box_grande40f4.jpg]
[bouquetbar.com/products/hes-a-legend.oembed]
[cdn.shopify.com/s/files/1/1504/0434/products/bouquetbar-legends_bar-gift_box_1024x102440f4.jpg]
[cdn.shopify.com/s/files/1/1504/0434/products/bouquetbar-legends_bar-gift_box_2_1024x102440f4.jpg]
[cdn.shopify.com/s/files/1/1504/0434/products/bouquetbar-legends_bar-gift_box_3_1024x102440f4.jpg]
[cdn.shopify.com/s/files/1/1504/0434/products/bouquetbar-legends_bar-gift_box_4_1024x102440f4.jpg]
[cdn.shopify.com/s/files/1/1504/0434/products/bouquetbar-legends_bar-gift_box_5_1024x102440f4.jpg]
[cdn.shopify.com/s/files/1/1504/0434/products/2170228-BOUQUET-BAR-2910-SQ_1024x102440f4.jpg]
[bouquetbar.com/collections/house-specials/products/hes-a-legend.html]
[bouquetbar.com/products/hope.html]
[cdn.shopify.com/s/files/1/1504/0434/products/bouquet_bar-fit_bar-gift_box_grandec9b7.jpg]
[bouquetbar.com/products/hope.oembed]
[cdn.shopify.com/s/files/1/1504/0434/products/bouquet_bar-fit_bar-gift_box_1024x1024c9b7.jpg]
[cdn.shopify.com/s/files/1/1504/0434/products/bouquet_bar-fit_bar-gift_box_2_1024x1024c9b7.jpg]
[cdn.shopify.com/s/files/1/1504/0434/products/bouquet_bar-fit_bar-gift_box_3_1024x1024c9b7.jpg]
[cdn.shopify.com/s/files/1/1504/0434/products/bouquet_bar-fit_bar-gift_box_4_1024x1024c9b7.jpg]
[cdn.shopify.com/s/files/1/1504/0434/products/bouquet_bar-fit_bar-gift_box_5_1024x1024c9b7.jpg]
[bouquetbar.com/collections/house-specials/products/hope.html]
[bouquetbar.com/products/celebrations.html]
[cdn.shopify.com/s/files/1/1504/0434/products/2170913-Bouquet-Bar-4088_grande6b0b.jpg]
[bouquetbar.com/products/celebrations.oembed]
[cdn.shopify.com/s/files/1/1504/0434/products/2170913-Bouquet-Bar-4088_1024x10246b0b.jpg]
[cdn.shopify.com/s/files/1/1504/0434/products/2170228-BOUQUET-BAR-2689-Dark-Choc-Caramels-Balls_2bd07b96-9ec7-45ca-8eb7-2940c9617e8e_1024x10246b0b.jpg]
[cdn.shopify.com/s/files/1/1504/0434/products/2170228-BOUQUET-BAR-3122_35f17272-37ef-473d-a0d7-eff12f8f3cdb_1024x10246b0b.jpg]
[cdn.shopify.com/s/files/1/1504/0434/products/2170228-BOUQUET-BAR-2708-Salted-Almonds_1024x10246b0b.jpg]
[cdn.shopify.com/s/files/1/1504/0434/products/2170228-BOUQUET-BAR-3062-Small-Box-Closed_1c3c8121-db33-4026-bd7c-c9c129d1f724_1024x10246b0b.jpg]
[bouquetbar.com/collections/house-specials/products/celebrations.html]
[bouquetbar.com/products/sympathy.html]
[cdn.shopify.com/s/files/1/1504/0434/products/2170913-Bouquet-Bar-4069_grande8fbe.jpg]
[bouquetbar.com/products/sympathy.oembed]
[cdn.shopify.com/s/files/1/1504/0434/products/2170913-Bouquet-Bar-4069_1024x10248fbe.jpg]
[cdn.shopify.com/s/files/1/1504/0434/products/2170913-Bouquet-Bar-4104_8c5cb624-d10f-4769-b7dd-f0460f596de7_1024x10248fbe.jpg]
[cdn.shopify.com/s/files/1/1504/0434/products/2170228-BOUQUET-BAR-2600-Citrus-Blossom-Candle_4a382cd3-9725-4b2d-8da0-18c015ae850a_1024x10248fbe.jpg]
[cdn.shopify.com/s/files/1/1504/0434/products/2170228-BOUQUET-BAR-2699-Choc-Truffles-Drops_1024x10248fbe.jpg]
[cdn.shopify.com/s/files/1/1504/0434/products/2170228-BOUQUET-BAR-3062-Small-Box-Closed_dd6e4b88-0be1-4dde-b387-86a23a245849_1024x10248fbe.jpg]
[bouquetbar.com/collections/house-specials/products/sympathy.html]
[bouquetbar.com/products/romance.html]
[cdn.shopify.com/s/files/1/1504/0434/products/2170913-Bouquet-Bar-4073_grande3bc1.jpg]
[bouquetbar.com/products/romance.oembed]
[cdn.shopify.com/s/files/1/1504/0434/products/2170913-Bouquet-Bar-4073_1024x10243bc1.jpg]
[cdn.shopify.com/s/files/1/1504/0434/products/2170228-BOUQUET-BAR-3139-RedRose_5ac1c45b-a03d-49d7-a8b5-c40b43f084de_1024x10243bc1.jpg]
[cdn.shopify.com/s/files/1/1504/0434/products/2170228-BOUQUET-BAR-2600-Citrus-Blossom-Candle_1b21261c-e683-4993-be5f-43a628ad90c6_1024x10243bc1.jpg]
[cdn.shopify.com/s/files/1/1504/0434/products/2170228-BOUQUET-BAR-2784-Bath-Salt-Ball_78068177-fa43-4a32-9d8c-016830d1aed8_1024x10243bc1.jpg]
[cdn.shopify.com/s/files/1/1504/0434/products/2170228-BOUQUET-BAR-3062-Small-Box-Closed_55983993-9351-4f22-8ae6-43bcdfb1de3a_1024x10243bc1.jpg]
[bouquetbar.com/collections/house-specials/products/romance.html]
[bouquetbar.com/products/thank-you.html]
[cdn.shopify.com/s/files/1/1504/0434/products/2170913-Bouquet-Bar-4062_47c416bf-da54-4c4c-9559-ba85ab8bbf41_grande38a8.jpg]
[bouquetbar.com/products/thank-you.oembed]
[cdn.shopify.com/s/files/1/1504/0434/products/2170913-Bouquet-Bar-4062_47c416bf-da54-4c4c-9559-ba85ab8bbf41_1024x102438a8.jpg]
[cdn.shopify.com/s/files/1/1504/0434/products/2170228-BOUQUET-BAR-3129-Orange-Rose_26d754e6-2e4d-431a-a77d-e305bcce8fa0_1024x102438a8.jpg]
[cdn.shopify.com/s/files/1/1504/0434/products/2170228-BOUQUET-BAR-2600-Citrus-Blossom-Candle_d391385b-2c85-4197-b4eb-ee4bc98e9721_1024x102438a8.jpg]
[cdn.shopify.com/s/files/1/1504/0434/products/2170228-BOUQUET-BAR-2612-Mint-Balls_1024x102438a8.jpg]
[cdn.shopify.com/s/files/1/1504/0434/products/2170228-BOUQUET-BAR-3062-Small-Box-Closed_a6f2a934-2397-4b8d-804b-3dfc9e3a1f98_1024x102438a8.jpg]
[bouquetbar.com/collections/house-specials/products/thank-you.html]
[bouquetbar.com/products/timeless-elegance.html]
[cdn.shopify.com/s/files/1/1504/0434/products/2170913-Bouquet-Bar-4078_grande8a80.jpg]
[bouquetbar.com/products/timeless-elegance.oembed]
[cdn.shopify.com/s/files/1/1504/0434/products/2170913-Bouquet-Bar-4078_1024x10248a80.jpg]
[cdn.shopify.com/s/files/1/1504/0434/products/2170228-BOUQUET-BAR-3122_b292a66a-17ce-4119-9b0d-71e3f02fc0df_1024x10248a80.jpg]
[cdn.shopify.com/s/files/1/1504/0434/products/2170228-BOUQUET-BAR-2745-Sour-Hearts_1d9e0cef-6177-48e5-ab57-9965988bedf1_1024x10248a80.jpg]
[cdn.shopify.com/s/files/1/1504/0434/products/2170228-BOUQUET-BAR-3139-RedRose_87aa04c7-f83f-4446-a7fb-7e28437a0736_1024x10248a80.jpg]
[cdn.shopify.com/s/files/1/1504/0434/products/2170228-BOUQUET-BAR-3062-Small-Box-Closed_f332806d-b89b-4c58-a06b-f7355d97917a_1024x10248a80.jpg]
[bouquetbar.com/collections/house-specials/products/timeless-elegance.html]
[bouquetbar.com/products/love-affair-box.html]
[cdn.shopify.com/s/files/1/1504/0434/products/bouquetbar-cuddle_bar-gift_box_grande1d5d.jpg]
[bouquetbar.com/products/love-affair-box.oembed]
[cdn.shopify.com/s/files/1/1504/0434/products/bouquetbar-cuddle_bar-gift_box_1024x10241d5d.jpg]
[cdn.shopify.com/s/files/1/1504/0434/products/bouquetbar-cuddle_bar-gift_box_3_1024x10241d5d.jpg]
[cdn.shopify.com/s/files/1/1504/0434/products/bouquetbar-cuddle_bar-gift_box_4_1024x10241d5d.jpg]
[cdn.shopify.com/s/files/1/1504/0434/products/bouquetbar-cuddle_bar-gift_box_5_1024x10241d5d.jpg]
[cdn.shopify.com/s/files/1/1504/0434/products/bouquetbar-cuddle_bar-gift_box_6_1024x10241d5d.jpg]
[cdn.shopify.com/s/files/1/1504/0434/products/bouquetbar-cuddle_bar-gift_box_7_1024x10241d5d.jpg]
[cdn.shopify.com/s/files/1/1504/0434/products/bouquetbar-cuddle_bar-gift_box_8_1024x10241d5d.jpg]
[cdn.shopify.com/s/files/1/1504/0434/products/2170228-BOUQUET-BAR-2876-Cropped-SQ_1024x10241d5d.jpg]
[cdn.shopify.com/s/files/1/1504/0434/products/bouquetbar-cuddle_bar-gift_box_2_1024x10241d5d.jpg]
[bouquetbar.com/collections/house-specials/products/love-affair-box.html]
[bouquetbar.com/collections/house-specials/products/mothers-day.html]
[bouquetbar.com/products/for-him.html]
[cdn.shopify.com/s/files/1/1504/0434/products/2170913-Bouquet-Bar-4135_grandebc2c.jpg]
[bouquetbar.com/products/for-him.oembed]
[cdn.shopify.com/s/files/1/1504/0434/products/2170913-Bouquet-Bar-4135_1024x1024bc2c.jpg]
[cdn.shopify.com/s/files/1/1504/0434/products/2170228-BOUQUET-BAR-2612-Mint-Balls_31146d82-5fba-4b88-9b04-529c7cc14852_1024x1024bc2c.jpg]
[cdn.shopify.com/s/files/1/1504/0434/products/2170228-BOUQUET-BAR-2689-Dark-Choc-Caramels-Balls_4ebfbeb2-3035-417b-ba33-5598c8169379_1024x1024bc2c.jpg]
[cdn.shopify.com/s/files/1/1504/0434/products/2170228-BOUQUET-BAR-2708-Salted-Almonds_d671e4ee-ba5b-48cc-a58a-17468c375910_1024x1024bc2c.jpg]
[cdn.shopify.com/s/files/1/1504/0434/products/2170228-BOUQUET-BAR-2748-Tea-Bags_1bb21da9-6afb-4d50-8994-d62a4dca421b_1024x1024bc2c.jpg]
[cdn.shopify.com/s/files/1/1504/0434/products/Screen_Shot_2018-05-29_at_1.33.08_PM_1024x1024bc2c.png]
[cdn.shopify.com/s/files/1/1504/0434/products/2170228-BOUQUET-BAR-3122_3cbe56ea-2434-4cb9-8f3f-cff15a47df1d_1024x1024bc2c.jpg]
[cdn.shopify.com/s/files/1/1504/0434/products/2170228-BOUQUET-BAR-3061-Med-Box-Closed_ec0b32f4-be60-4374-94b3-da0569c74b2e_1024x1024bc2c.jpg]
[bouquetbar.com/collections/house-specials/products/for-him.html]
[bouquetbar.com/products/feel-better-soon.html]
[cdn.shopify.com/s/files/1/1504/0434/products/bouquet_bar-spa_bar-gift_box_grande2f7e.jpg]
[bouquetbar.com/products/feel-better-soon.oembed]
[cdn.shopify.com/s/files/1/1504/0434/products/bouquet_bar-spa_bar-gift_box_1024x10242f7e.jpg]
[cdn.shopify.com/s/files/1/1504/0434/products/bouquet_bar-spa_bar-gift_box_2_1024x10242f7e.jpg]
[cdn.shopify.com/s/files/1/1504/0434/products/bouquet_bar-spa_bar-gift_box_3_1024x10242f7e.jpg]
[cdn.shopify.com/s/files/1/1504/0434/products/bouquet_bar-spa_bar-gift_box_4_1024x10242f7e.jpg]
[cdn.shopify.com/s/files/1/1504/0434/products/bouquet_bar-spa_bar-gift_box_5_1024x10242f7e.jpg]
[cdn.shopify.com/s/files/1/1504/0434/products/bouquet_bar-spa_bar-gift_box_6_1024x10242f7e.jpg]
[cdn.shopify.com/s/files/1/1504/0434/products/bouquet_bar-spa_bar-gift_box_7_1024x10242f7e.jpg]
[cdn.shopify.com/s/files/1/1504/0434/products/bouquet_bar-spa_bar-gift_box_8_1024x10242f7e.jpg]
[cdn.shopify.com/s/files/1/1504/0434/products/2170228-BOUQUET-BAR-2898_1024x10242f7e.jpg]
[bouquetbar.com/collections/house-specials/products/feel-better-soon.html]
[bouquetbar.com/products/my-girl.html]
[cdn.shopify.com/s/files/1/1504/0434/products/2170913-Bouquet-Bar-4127_a7e9bf3a-3600-442b-93a2-342e232d9725_grande97b5.jpg]
[bouquetbar.com/products/my-girl.oembed]
[cdn.shopify.com/s/files/1/1504/0434/products/2170913-Bouquet-Bar-4127_a7e9bf3a-3600-442b-93a2-342e232d9725_1024x102497b5.jpg]
[cdn.shopify.com/s/files/1/1504/0434/products/2170228-BOUQUET-BAR-2600-Citrus-Blossom-Candle_0acaea3d-07a9-4e78-bb66-1dcf509f1231_1024x102497b5.jpg]
[cdn.shopify.com/s/files/1/1504/0434/products/2170228-BOUQUET-BAR-2745-Sour-Hearts_1024x102497b5.jpg]
[cdn.shopify.com/s/files/1/1504/0434/products/2170228-BOUQUET-BAR-2748-Tea-Bags_4c8303c6-473f-4638-9c77-52baac84afbf_1024x102497b5.jpg]
[cdn.shopify.com/s/files/1/1504/0434/products/2170228-BOUQUET-BAR-2768-Choc-Gummy-Bears_795f9d88-c1c9-4ac4-8620-2c8855c4883b_1024x102497b5.jpg]
[cdn.shopify.com/s/files/1/1504/0434/products/2170228-BOUQUET-BAR-3129-Orange-Rose_d1959bab-3f39-4066-9bf2-a50a842553bb_1024x102497b5.jpg]
[cdn.shopify.com/s/files/1/1504/0434/products/2170228-BOUQUET-BAR-2784-Bath-Salt-Ball_1024x102497b5.jpg]
[cdn.shopify.com/s/files/1/1504/0434/products/2170228-BOUQUET-BAR-3061-Med-Box-Closed_1024x102497b5.jpg]
[bouquetbar.com/collections/house-specials/products/my-girl.html]
[bouquetbar.com/products/sweet-serenity.html]
[cdn.shopify.com/s/files/1/1504/0434/products/2170913-Bouquet-Bar-4148_grandec0f8.jpg]
[bouquetbar.com/products/sweet-serenity.oembed]
[cdn.shopify.com/s/files/1/1504/0434/products/2170913-Bouquet-Bar-4148_1024x1024c0f8.jpg]
[cdn.shopify.com/s/files/1/1504/0434/products/2170913-Bouquet-Bar-4104_87ab5216-6220-4561-bcc3-a9882d601b23_1024x1024c0f8.jpg]
[cdn.shopify.com/s/files/1/1504/0434/products/2170228-BOUQUET-BAR-2600-Citrus-Blossom-Candle_f3a50a9a-b1b4-401c-a428-857fe2713e94_1024x1024c0f8.jpg]
[cdn.shopify.com/s/files/1/1504/0434/products/2170228-BOUQUET-BAR-2699-Choc-Truffles-Drops_665a5a43-af0f-4118-8a7e-fc21d5ca6230_1024x1024c0f8.jpg]
[cdn.shopify.com/s/files/1/1504/0434/products/2170228-BOUQUET-BAR-2708-Salted-Almonds_d57995de-82f8-42c0-8781-7567cd4b27bc_1024x1024c0f8.jpg]
[cdn.shopify.com/s/files/1/1504/0434/products/2170228-BOUQUET-BAR-2745-Sour-Hearts_233cb8bd-0489-4a09-9035-15778479fd31_1024x1024c0f8.jpg]
[cdn.shopify.com/s/files/1/1504/0434/products/2170228-BOUQUET-BAR-2748-Tea-Bags_ee0add36-4c35-4eb5-84c0-36d326420d64_1024x1024c0f8.jpg]
[cdn.shopify.com/s/files/1/1504/0434/products/2170228-BOUQUET-BAR-3061-Med-Box-Closed_c58d6a59-9c3e-4f3a-86a8-76c08cd4297c_1024x1024c0f8.jpg]
[bouquetbar.com/collections/house-specials/products/sweet-serenity.html]
[bouquetbar.com/products/thinking-of-you.html]
[cdn.shopify.com/s/files/1/1504/0434/products/2170913-Bouquet-Bar-4155_grande7585.jpg]
[bouquetbar.com/products/thinking-of-you.oembed]
[cdn.shopify.com/s/files/1/1504/0434/products/2170913-Bouquet-Bar-4155_1024x10247585.jpg]
[cdn.shopify.com/s/files/1/1504/0434/products/2170228-BOUQUET-BAR-2600-Citrus-Blossom-Candle_f07af7cb-c51e-4624-9943-9788d55a4cf1_1024x10247585.jpg]
[cdn.shopify.com/s/files/1/1504/0434/products/2170228-BOUQUET-BAR-2784-Bath-Salt-Ball_c5bd1de5-ea00-4cc2-8ad4-f460e3ae201c_1024x10247585.jpg]
[cdn.shopify.com/s/files/1/1504/0434/products/2170228-BOUQUET-BAR-3142-Honey-Sugar_1024x10247585.jpg]
[cdn.shopify.com/s/files/1/1504/0434/products/Facial-Scrub--1000x1000_096a6394-d454-4dac-b2ed-43c7db0a5f42_1024x10247585.jpg]
[cdn.shopify.com/s/files/1/1504/0434/products/2170913-Bouquet-Bar-4104_f81f234a-c647-4e0c-9c35-2e2be06aa4ee_1024x10247585.jpg]
[cdn.shopify.com/s/files/1/1504/0434/products/2170228-BOUQUET-BAR-2748-Tea-Bags_38203c05-94fc-4dab-b124-bcfc799506ac_1024x10247585.jpg]
[cdn.shopify.com/s/files/1/1504/0434/products/2170228-BOUQUET-BAR-3061-Med-Box-Closed_69ae9f59-621b-4cb9-b8b8-c2059ba23efe_1024x10247585.jpg]
[bouquetbar.com/collections/house-specials/products/thinking-of-you.html]
[bouquetbar.com/products/keepcalmitsyourbday.html]
[cdn.shopify.com/s/files/1/1504/0434/products/VDAY_BOX_2019_grande9f5d.jpg]
[bouquetbar.com/products/keepcalmitsyourbday.oembed]
[cdn.shopify.com/s/files/1/1504/0434/products/VDAY_BOX_2019_1024x10249f5d.jpg]
[cdn.shopify.com/s/files/1/1504/0434/products/2170913-Bouquet-Bar-4202_1024x10247e54.jpg]
[cdn.shopify.com/s/files/1/1504/0434/products/2170228-BOUQUET-BAR-2768-Choc-Gummy-Bears_080b6636-ac96-460e-9c8d-628741adc71a_1024x10247e54.jpg]
[cdn.shopify.com/s/files/1/1504/0434/products/2170913-Bouquet-Bar-4262_51d76b08-7b73-4e92-b5ca-bf2ca8e9089d_1024x10247e54.jpg]
[cdn.shopify.com/s/files/1/1504/0434/products/2170228-BOUQUET-BAR-2784-Bath-Salt-Ball_eb5c0efe-241c-4a08-808c-d934e257cb63_1024x10247e54.jpg]
[cdn.shopify.com/s/files/1/1504/0434/products/2170228-BOUQUET-BAR-3061-Large-Box-Closed_1024x10247e54.jpg]
[bouquetbar.com/collections/house-specials/products/keepcalmitsyourbday.html]
[bouquetbar.com/collections/house-specials/products/you-are-amazing.html]
[bouquetbar.com/products/be-mine.html]
[cdn.shopify.com/s/files/1/1504/0434/products/2170913-Bouquet-Bar-4212_grande5f1c.jpg]
[bouquetbar.com/products/be-mine.oembed]
[cdn.shopify.com/s/files/1/1504/0434/products/2170913-Bouquet-Bar-4212_1024x10245f1c.jpg]
[cdn.shopify.com/s/files/1/1504/0434/products/2170913-Bouquet-Bar-4268_a3ac244a-225f-409a-8f35-23cb3a38528e_1024x10245f1c.jpg]
[cdn.shopify.com/s/files/1/1504/0434/products/Queen_Bath_Bomb_fbe9f8a4-215c-42cd-bde1-a60f3b8ab884_1024x10245f1c.jpg]
[cdn.shopify.com/s/files/1/1504/0434/products/Facial-Scrub--1000x1000_96ed0f87-0c3f-4a83-84de-89c8036efec7_1024x10245f1c.jpg]
[cdn.shopify.com/s/files/1/1504/0434/products/2170228-BOUQUET-BAR-3061-Large-Box-Closed_e1c693c2-4280-4610-a60f-739cadd7ff33_1024x10245f1c.jpg]
[bouquetbar.com/collections/house-specials/products/be-mine.html]
[bouquetbar.com/products/my-dream.html]
[cdn.shopify.com/s/files/1/1504/0434/products/bouquetbar-love_bar-gift_box_grandefcfa.jpg]
[bouquetbar.com/products/my-dream.oembed]
[cdn.shopify.com/s/files/1/1504/0434/products/bouquetbar-love_bar-gift_box_1024x1024fcfa.jpg]
[cdn.shopify.com/s/files/1/1504/0434/products/2170913-Bouquet-Bar-4268_b355d499-ee56-4f4d-8a73-633926113189_1024x1024fcfa.jpg]
[cdn.shopify.com/s/files/1/1504/0434/products/bouquetbar-love_bar-gift_box_2_1024x1024fcfa.jpg]
[cdn.shopify.com/s/files/1/1504/0434/products/bouquetbar-love_bar-gift_box_3_1024x1024fcfa.jpg]
[cdn.shopify.com/s/files/1/1504/0434/products/bouquetbar-love_bar-gift_box_5_1024x1024fcfa.jpg]
[bouquetbar.com/collections/house-specials/products/my-dream.html]
[bouquetbar.com/products/forever-in-our-hearts.html]
[cdn.shopify.com/s/files/1/1504/0434/products/2170913-Bouquet-Bar-4216_grande2ff2.jpg]
[bouquetbar.com/products/forever-in-our-hearts.oembed]
[cdn.shopify.com/s/files/1/1504/0434/products/2170913-Bouquet-Bar-4216_1024x10242ff2.jpg]
[cdn.shopify.com/s/files/1/1504/0434/products/2170913-Bouquet-Bar-4270_1f54b3a2-b30a-42ab-8cbb-010ce0bac415_1024x10242ff2.jpg]
[cdn.shopify.com/s/files/1/1504/0434/products/2170228-BOUQUET-BAR-2600-Citrus-Blossom-Candle_f59b5e2b-52b4-4881-b4fd-1861866fe31e_1024x10242ff2.jpg]
[cdn.shopify.com/s/files/1/1504/0434/products/2170228-BOUQUET-BAR-2748-Tea-Bags_b9e5058f-2c2c-465c-8da7-3835e1ea8961_1024x10242ff2.jpg]
[cdn.shopify.com/s/files/1/1504/0434/products/2170228-BOUQUET-BAR-3061-Large-Box-Closed_ab72f695-e8a7-4bb5-a28f-59b7192e6da1_1024x10242ff2.jpg]
[bouquetbar.com/collections/house-specials/products/forever-in-our-hearts.html]
[bouquetbar.com/account/register.html]
[pinterest.com/pin/create/button/index860c.html]
[bouquetbar.com/collections/get-well-gift-boxes/products/feel-better-soon.html]
[bouquetbar.com/collections/get-well-gift-boxes/products/hope.html]
[bouquetbar.com/collections/get-well-gift-boxes/products/thinking-of-you.html]
[bouquetbar.com/collections/get-well-gift-boxes/products/you-are-amazing.html]
[pinterest.com/pin/create/button/index5c27.html]
[bouquetbar.com/products/birthday-for-him.html]
[cdn.shopify.com/s/files/1/1504/0434/products/2170913-Bouquet-Bar-4085_grande4c76.jpg]
[cdn.shopify.com/s/files/1/1504/0434/products/2170913-Bouquet-Bar-4085_1024x10244c76.jpg]
[cdn.shopify.com/s/files/1/1504/0434/products/2170228-BOUQUET-BAR-2689-Dark-Choc-Caramels-Balls_bf84128e-1da1-4ea2-859d-15492c822972_1024x10244c76.jpg]
[cdn.shopify.com/s/files/1/1504/0434/products/2170228-BOUQUET-BAR-2612-Mint-Balls_d4ba999c-2866-49c9-8521-e5ffe7855f9f_1024x10244c76.jpg]
[cdn.shopify.com/s/files/1/1504/0434/products/2170228-BOUQUET-BAR-2768-Choc-Gummy-Bears_ff7a9b34-73c0-4b9b-a9ac-fdd15e0166fd_1024x10244c76.jpg]
[cdn.shopify.com/s/files/1/1504/0434/products/2170228-BOUQUET-BAR-3062-Small-Box-Closed_2ac97e83-dae3-41c8-8a15-8cf5ea1cdee8_1024x10244c76.jpg]
[bouquetbar.com/collections/birthday-gift-boxes/products/birthday-for-him.html]
[bouquetbar.com/collections/birthday-gift-boxes/products/mommy-dearest-1.html]
[bouquetbar.com/collections/birthday-gift-boxes/products/celebrations.html]
[bouquetbar.com/collections/birthday-gift-boxes/products/hes-a-legend.html]
[bouquetbar.com/collections/birthday-gift-boxes/products/keepcalmitsyourbday.html]
[bouquetbar.com/collections/birthday-gift-boxes/products/my-girl.html]
[pinterest.com/pin/create/button/index89a3.html]
[bouquetbar.com/collections/mothers-day/products/mommy-dearest-1.html]
[bouquetbar.com/collections/mothers-day/products/mamma-bear.html]
[bouquetbar.com/collections/mothers-day/products/you-are-amazing.html]
[bouquetbar.com/collections/mothers-day/products/mothers-day.html]
[cdn.shopify.com/s/files/1/1504/0434/products/Forever_grande5543.gif]
[bouquetbar.com/products/best-mom-ever.html]
[bouquetbar.com/products/best-mom-ever.oembed]
[cdn.shopify.com/s/files/1/1504/0434/products/Forever_1024x10245543.gif]
[cdn.shopify.com/s/files/1/1504/0434/products/Peony-Bouquet_f8f4f4aa-da4a-4239-b9cb-f922a5f62c23_1024x10245543.jpg]
[cdn.shopify.com/s/files/1/1504/0434/products/Princess-Bath-Bomb--1000x1000_9fe8b9b1-6b3d-4f44-a85a-238d5cc2aad0_1024x10245543.jpg]
[cdn.shopify.com/s/files/1/1504/0434/products/Orange_Burst_Gummy_Bears_38d740ab-b986-4f25-88b4-b76a5451af39_1024x10245543.jpg]
[bouquetbar.com/collections/mothers-day/products/best-mom-ever.html]
[pinterest.com/pin/create/button/index7d74.html]
[bouquetbar.com/collections/anniversary-gift-boxes/products/mi-amore.html]
[bouquetbar.com/collections/anniversary-gift-boxes/products/love.html]
[bouquetbar.com/collections/anniversary-gift-boxes/products/be-mine.html]
[bouquetbar.com/collections/anniversary-gift-boxes/products/for-him.html]
[bouquetbar.com/collections/birthday-gift-boxes/products/mamma-bear.html]
[bouquetbar.com/collections/thank-you-gift-boxes/products/thank-you.html]
[bouquetbar.com/collections/thank-you-gift-boxes/products/youre-swell.html]
[bouquetbar.com/collections/thank-you-gift-boxes/products/you-are-amazing.html]
[bouquetbar.com/collections/thank-you-gift-boxes/products/celebrations.html]
[bouquetbar.com/collections/get-well-gift-boxes/products/get-well.html]
[bouquetbar.com/collections/anniversary-gift-boxes-2.html]
[bouquetbar.com/collections/anniversary-gift-boxes-3.html]
[bouquetbar.com/collections/anniversary-gift-boxes/products/you-are-amazing.html]
[bouquetbar.com/collections/sympathy-gift-boxes-2.html]
[bouquetbar.com/collections/sympathy-gift-boxes/products/sympathy.html]
[bouquetbar.com/collections/sympathy-gift-boxes/products/eternity.html]
[bouquetbar.com/collections/sympathy-gift-boxes/products/forever-in-our-hearts.html]
[bouquetbar.com/collections/sympathy-gift-boxes/products/christmas-love.html]
[bouquetbar.com/collections/congratulations-gift-boxes-2.html]
[bouquetbar.com/collections/congratulations-gift-boxes-3.html]
[bouquetbar.com/collections/congratulations-gift-boxes/products/youre-swell.html]
[bouquetbar.com/collections/congratulations-gift-boxes/products/you-are-amazing.html]
[bouquetbar.com/collections/congratulations-gift-boxes/products/mothers-day.html]
[a.klaviyo.com/media/css/public/klaviyo_subscribe.css]
[ajax.googleapis.com/ajax/libs/jquery/1.10.2/jquery.min.js]
[www.klaviyo.com/media/js/public/klaviyo_subscribe.js]
[bouquetbar.com/cart/update.html]
[bouquetbar.com/cart/clear.html]
[bouquetbar.com/products/youre-swell.html]
[pinterest.com/pin/create/button/index2355.html]
[bouquetbar.com/products/love.html]
[pinterest.com/pin/create/button/indexe47f.html]
[cdnjs.cloudflare.com/ajax/libs/jquery.form/3.32/jquery.form.min.js]
[bouquetbar.com/products/eternity.html]
[pinterest.com/pin/create/button/index4359.html]
[bouquetbar.com/products/mi-amore.html]
[pinterest.com/pin/create/button/index7ca9.html]
[bouquetbar.com/products/mommy-dearest-1.html]
[pinterest.com/pin/create/button/indexbf19.html]
[bouquetbar.com/products/hes-a-legend.html]
[pinterest.com/pin/create/button/index6844.html]
[bouquetbar.com/products/hope.html]
[pinterest.com/pin/create/button/indexfe32.html]
[bouquetbar.com/products/celebrations.html]
[pinterest.com/pin/create/button/index43fd.html]
[bouquetbar.com/products/sympathy.html]
[pinterest.com/pin/create/button/index81af.html]
[bouquetbar.com/collections/vday4her/products/love.html]
[bouquetbar.com/collections/vday4her/products/mi-amore.html]
[bouquetbar.com/collections/vday4her/products/mamma-bear.html]
[bouquetbar.com/collections/vday4her/products/timeless-elegance.html]
[bouquetbar.com/collections/vday4her/products/love-affair-box.html]
[bouquetbar.com/collections/vday4her/products/my-girl.html]
[bouquetbar.com/products/romance.html]
[pinterest.com/pin/create/button/index4b41.html]
[cdn.shopify.com/s/files/1/1504/0434/products/2170913-Bouquet-Bar-4211_large79dd.jpg]
[bouquetbar.com/collections/vday4her/products/be-mine.html]
[bouquetbar.com/products/thank-you.html]
[pinterest.com/pin/create/button/index7586.html]
[bouquetbar.com/collections/vday4her/products/xoxo.html]
[bouquetbar.com/products/timeless-elegance.html]
[pinterest.com/pin/create/button/indexa6f9.html]
[bouquetbar.com/products/love-affair-box.html]
[pinterest.com/pin/create/button/indexbf9a.html]
[bouquetbar.com/products/for-him.html]
[pinterest.com/pin/create/button/index3c42.html]
[bouquetbar.com/products/feel-better-soon.html]
[pinterest.com/pin/create/button/indexf128.html]
[bouquetbar.com/products/my-girl.html]
[pinterest.com/pin/create/button/index2f9a.html]
[bouquetbar.com/collections/vday4her/products/romance.html]
[bouquetbar.com/products/sweet-serenity.html]
[pinterest.com/pin/create/button/index480a.html]
[bouquetbar.com/products/thinking-of-you.html]
[pinterest.com/pin/create/button/indexf826.html]
[bouquetbar.com/products/keepcalmitsyourbday.html]
[pinterest.com/pin/create/button/indexa1fe.html]
[bouquetbar.com/products/be-mine.html]
[pinterest.com/pin/create/button/index5f7a.html]
[bouquetbar.com/products/my-dream.html]
[pinterest.com/pin/create/button/indexd1f4.html]
[bouquetbar.com/collections/luxury-flower-gift-boxes/products/you-are-amazing.html]
[bouquetbar.com/collections/luxury-flower-gift-boxes/products/keepcalmitsyourbday.html]
[bouquetbar.com/collections/luxury-flower-gift-boxes/products/be-mine.html]
[bouquetbar.com/products/forever-in-our-hearts.html]
[pinterest.com/pin/create/button/index9d5c.html]
[pinterest.com/pin/create/button/index40e4.html]
[pinterest.com/pin/create/button/index6cc8.html]
[bouquetbar.com/products/birthday-for-him.html]
[pinterest.com/pin/create/button/indexdf1f.html]
[pinterest.com/pin/create/button/indexc40d.html]
[bouquetbar.com/collections/mothers-day/products/mothers-day.html]
[bouquetbar.com/products/best-mom-ever.html]
[bouquetbar.com/collections/luxury-flower-gift-boxes/products/christmas-love.html]
[pinterest.com/pin/create/button/indexa1fc.html]
[pinterest.com/pin/create/button/index6bd8.html]
[a.klaviyo.com/media/css/public/klaviyo_subscribe.css]
[pinterest.com/pin/create/button/index5cce.html]
[pinterest.com/pin/create/button/index9191.html]
[pinterest.com/pin/create/button/index5f5e.html]
[pinterest.com/pin/create/button/index565c.html]
[pinterest.com/pin/create/button/index380c.html]
[pinterest.com/pin/create/button/index66fe.html]
[pinterest.com/pin/create/button/index0f95.html]
[pinterest.com/pin/create/button/index2ff3.html]
[pinterest.com/pin/create/button/indexade1.html]
[bouquetbar.com/collections/vday4her/products/love.html]
[bouquetbar.com/collections/vday4her/products/mi-amore.html]
[bouquetbar.com/collections/vday4her/products/mamma-bear.html]
[bouquetbar.com/collections/vday4her/products/timeless-elegance.html]
[bouquetbar.com/collections/vday4her/products/love-affair-box.html]
[bouquetbar.com/collections/vday4her/products/my-girl.html]
[bouquetbar.com/collections/vday4her/products/be-mine.html]
[bouquetbar.com/products/birthday-for-him.oembed]
[cdn.shopify.com/s/files/1/1504/0434/products/2170913-Bouquet-Bar-4211_grande79dd.jpg]
[bouquetbar.com/products/xoxo.html]
[bouquetbar.com/products/xoxo.oembed]
[cdn.shopify.com/s/files/1/1504/0434/products/2170913-Bouquet-Bar-4211_1024x102479dd.jpg]
[cdn.shopify.com/s/files/1/1504/0434/products/2170913-Bouquet-Bar-4268_39406f9b-3a84-4f3d-8780-295223d215d5_1024x102479dd.jpg]
[cdn.shopify.com/s/files/1/1504/0434/products/2170228-BOUQUET-BAR-2768-Choc-Gummy-Bears_10ee92c4-a595-483d-a70c-e232b4a86184_1024x102479dd.jpg]
[cdn.shopify.com/s/files/1/1504/0434/products/2170228-BOUQUET-BAR-2784-Bath-Salt-Ball_723ff332-5cb5-48cf-bbc9-97fc624017d0_1024x102479dd.jpg]
[cdn.shopify.com/s/files/1/1504/0434/products/2170228-BOUQUET-BAR-3061-Large-Box-Closed_e178548c-2ad7-48ae-b86a-1361330ca00d_1024x102479dd.jpg]
[bouquetbar.com/collections/vday4her/products/xoxo.html]
[pinterest.com/pin/create/button/index64ce.html]
[pinterest.com/pin/create/button/index02c0.html]
[bouquetbar.com/collections/vday4her/products/romance.html]
[pinterest.com/pin/create/button/index9f87.html]
[pinterest.com/pin/create/button/index93e1.html]
[pinterest.com/pin/create/button/indexa151.html]
[pinterest.com/pin/create/button/index1da3.html]
[pinterest.com/pin/create/button/index2b48.html]
[pinterest.com/pin/create/button/indexade0.html]
[pinterest.com/pin/create/button/index7964.html]
[pinterest.com/pin/create/button/index4f89.html]
[pinterest.com/pin/create/button/index7c54.html]
[pinterest.com/pin/create/button/index839d.html]
[bouquetbar.com/collections/luxury-flower-gift-boxes/products/you-are-amazing.html]
[bouquetbar.com/collections/luxury-flower-gift-boxes/products/keepcalmitsyourbday.html]
[bouquetbar.com/collections/luxury-flower-gift-boxes/products/be-mine.html]
[bouquetbar.com/collections/luxury-flower-gift-boxes/products/forever-in-our-hearts.html]
[cdn.shopify.com/s/files/1/1504/0434/products/BouquetBar_1015_27__R-2_copy_grandec163.jpg]
[bouquetbar.com/products/christmas-love.html]
[bouquetbar.com/products/christmas-love.oembed]
[cdn.shopify.com/s/files/1/1504/0434/products/BouquetBar_1015_27__R-2_copy_1024x1024c163.jpg]
[cdn.shopify.com/s/files/1/1504/0434/products/BouquetBar_1015_27__R-2_1024x1024c163.jpg]
[cdn.shopify.com/s/files/1/1504/0434/products/BouqBar-1122_024_R_40139c3b-ad07-4789-9004-0c8192f201c2_1024x1024c163.jpg]
[cdn.shopify.com/s/files/1/1504/0434/products/BouquetBar_1015_02__R-2_bc40e34e-0de9-4ae8-bc73-9091fe800eed_1024x1024c163.jpg]
[cdn.shopify.com/s/files/1/1504/0434/products/Holiday-Candle_4196fe69-262c-49de-a877-3f03b8d2fe47_1024x1024c163.jpg]
[bouquetbar.com/collections/luxury-flower-gift-boxes/products/christmas-love.html]
[pinterest.com/pin/create/button/index2b29.html]
[pinterest.com/pin/create/button/indexce99.html]
[pinterest.com/pin/create/button/index613b.html]
[bouquetbar.com/products/xoxo.html]
[pinterest.com/pin/create/button/index1276.html]
[bouquetbar.com/collections/luxury-flower-gift-boxes/products/forever-in-our-hearts.html]
[bouquetbar.com/products/christmas-love.html]
[pinterest.com/pin/create/button/indexaa70.html]
[pinterest.com/pin/create/button/index58de.html]
[pinterest.com/pin/create/button/indexd052.html]
